mode: set
github.com/igarridot/GoogleCloudStatusExporter/v2.0.0/main.go:8.13,10.2 1 0
github.com/igarridot/GoogleCloudStatusExporter/v2.0.0/application/usecases/collect_metrics_usecase.go:20.26,26.2 1 1
github.com/igarridot/GoogleCloudStatusExporter/v2.0.0/application/usecases/collect_metrics_usecase.go:32.32,34.16 2 1
github.com/igarridot/GoogleCloudStatusExporter/v2.0.0/application/usecases/collect_metrics_usecase.go:34.16,36.3 1 1
github.com/igarridot/GoogleCloudStatusExporter/v2.0.0/application/usecases/collect_metrics_usecase.go:38.2,40.31 2 1
github.com/igarridot/GoogleCloudStatusExporter/v2.0.0/infrastructure/adapters/prometheus/collector.go:25.23,33.2 1 0
github.com/igarridot/GoogleCloudStatusExporter/v2.0.0/infrastructure/adapters/prometheus/collector.go:35.67,37.2 1 0
github.com/igarridot/GoogleCloudStatusExporter/v2.0.0/infrastructure/adapters/prometheus/collector.go:39.67,41.16 2 0
github.com/igarridot/GoogleCloudStatusExporter/v2.0.0/infrastructure/adapters/prometheus/collector.go:41.16,44.3 2 0
github.com/igarridot/GoogleCloudStatusExporter/v2.0.0/infrastructure/adapters/prometheus/collector.go:46.2,46.52 1 0
github.com/igarridot/GoogleCloudStatusExporter/v2.0.0/infrastructure/adapters/prometheus/prometheus_adapter.go:14.74,16.27 2 1
github.com/igarridot/GoogleCloudStatusExporter/v2.0.0/infrastructure/adapters/prometheus/prometheus_adapter.go:16.27,18.3 1 1
github.com/igarridot/GoogleCloudStatusExporter/v2.0.0/infrastructure/adapters/prometheus/prometheus_adapter.go:18.8,20.3 1 1
github.com/igarridot/GoogleCloudStatusExporter/v2.0.0/infrastructure/adapters/prometheus/prometheus_adapter.go:22.2,30.3 1 1
github.com/igarridot/GoogleCloudStatusExporter/v2.0.0/infrastructure/adapters/prometheus/prometheus_adapter.go:33.66,35.2 1 1
github.com/igarridot/GoogleCloudStatusExporter/v2.0.0/infrastructure/adapters/prometheus/prometheus_adapter.go:37.109,39.2 1 1
github.com/igarridot/GoogleCloudStatusExporter/v2.0.0/infrastructure/adapters/prometheus/prometheus_adapter.go:41.115,42.37 1 1
github.com/igarridot/GoogleCloudStatusExporter/v2.0.0/infrastructure/adapters/prometheus/prometheus_adapter.go:42.37,43.53 1 1
github.com/igarridot/GoogleCloudStatusExporter/v2.0.0/infrastructure/adapters/prometheus/prometheus_adapter.go:43.53,45.4 1 1
github.com/igarridot/GoogleCloudStatusExporter/v2.0.0/infrastructure/adapters/prometheus/prometheus_adapter.go:49.122,53.29 3 1
github.com/igarridot/GoogleCloudStatusExporter/v2.0.0/infrastructure/adapters/prometheus/prometheus_adapter.go:53.29,65.3 1 1
github.com/igarridot/GoogleCloudStatusExporter/v2.0.0/infrastructure/adapters/prometheus/prometheus_adapter.go:65.8,76.3 1 1
github.com/igarridot/GoogleCloudStatusExporter/v2.0.0/cmd/server.go:12.32,21.2 5 0
github.com/igarridot/GoogleCloudStatusExporter/v2.0.0/cmd/server.go:23.61,25.68 2 1
github.com/igarridot/GoogleCloudStatusExporter/v2.0.0/cmd/server.go:25.68,35.3 1 1
github.com/igarridot/GoogleCloudStatusExporter/v2.0.0/cmd/server.go:36.2,36.48 1 1
github.com/igarridot/GoogleCloudStatusExporter/v2.0.0/domain/entities/incident.go:40.38,42.2 1 1
github.com/igarridot/GoogleCloudStatusExporter/v2.0.0/domain/entities/incident.go:44.47,45.20 1 1
github.com/igarridot/GoogleCloudStatusExporter/v2.0.0/domain/entities/incident.go:45.20,47.3 1 1
github.com/igarridot/GoogleCloudStatusExporter/v2.0.0/domain/entities/incident.go:48.2,48.31 1 1
github.com/igarridot/GoogleCloudStatusExporter/v2.0.0/infrastructure/adapters/http/gcp_status_adapter.go:25.75,28.2 2 0
github.com/igarridot/GoogleCloudStatusExporter/v2.0.0/infrastructure/adapters/http/gcp_status_adapter.go:30.67,34.2 1 1
github.com/igarridot/GoogleCloudStatusExporter/v2.0.0/infrastructure/adapters/http/gcp_status_adapter.go:36.72,38.16 2 1
github.com/igarridot/GoogleCloudStatusExporter/v2.0.0/infrastructure/adapters/http/gcp_status_adapter.go:38.16,40.3 1 0
github.com/igarridot/GoogleCloudStatusExporter/v2.0.0/infrastructure/adapters/http/gcp_status_adapter.go:41.2,45.16 4 1
github.com/igarridot/GoogleCloudStatusExporter/v2.0.0/infrastructure/adapters/http/gcp_status_adapter.go:45.16,47.3 1 0
github.com/igarridot/GoogleCloudStatusExporter/v2.0.0/infrastructure/adapters/http/gcp_status_adapter.go:48.2,52.16 4 1
github.com/igarridot/GoogleCloudStatusExporter/v2.0.0/infrastructure/adapters/http/gcp_status_adapter.go:52.16,54.3 1 0
github.com/igarridot/GoogleCloudStatusExporter/v2.0.0/infrastructure/adapters/http/gcp_status_adapter.go:56.2,58.16 3 1
github.com/igarridot/GoogleCloudStatusExporter/v2.0.0/infrastructure/adapters/http/gcp_status_adapter.go:58.16,60.3 1 0
github.com/igarridot/GoogleCloudStatusExporter/v2.0.0/infrastructure/adapters/http/gcp_status_adapter.go:62.2,62.47 1 1
github.com/igarridot/GoogleCloudStatusExporter/v2.0.0/infrastructure/adapters/http/gcp_status_adapter.go:65.94,68.35 2 1
github.com/igarridot/GoogleCloudStatusExporter/v2.0.0/infrastructure/adapters/http/gcp_status_adapter.go:68.35,79.64 2 1
github.com/igarridot/GoogleCloudStatusExporter/v2.0.0/infrastructure/adapters/http/gcp_status_adapter.go:79.64,81.4 1 1
github.com/igarridot/GoogleCloudStatusExporter/v2.0.0/infrastructure/adapters/http/gcp_status_adapter.go:83.3,83.72 1 1
github.com/igarridot/GoogleCloudStatusExporter/v2.0.0/infrastructure/adapters/http/gcp_status_adapter.go:83.72,85.4 1 1
github.com/igarridot/GoogleCloudStatusExporter/v2.0.0/infrastructure/adapters/http/gcp_status_adapter.go:87.3,87.74 1 1
github.com/igarridot/GoogleCloudStatusExporter/v2.0.0/infrastructure/adapters/http/gcp_status_adapter.go:87.74,89.4 1 1
github.com/igarridot/GoogleCloudStatusExporter/v2.0.0/infrastructure/adapters/http/gcp_status_adapter.go:91.3,91.20 1 1
github.com/igarridot/GoogleCloudStatusExporter/v2.0.0/infrastructure/adapters/http/gcp_status_adapter.go:91.20,92.69 1 1
github.com/igarridot/GoogleCloudStatusExporter/v2.0.0/infrastructure/adapters/http/gcp_status_adapter.go:92.69,94.5 1 1
github.com/igarridot/GoogleCloudStatusExporter/v2.0.0/infrastructure/adapters/http/gcp_status_adapter.go:97.3,97.25 1 1
github.com/igarridot/GoogleCloudStatusExporter/v2.0.0/infrastructure/adapters/http/gcp_status_adapter.go:97.25,98.77 1 1
github.com/igarridot/GoogleCloudStatusExporter/v2.0.0/infrastructure/adapters/http/gcp_status_adapter.go:98.77,100.5 1 1
github.com/igarridot/GoogleCloudStatusExporter/v2.0.0/infrastructure/adapters/http/gcp_status_adapter.go:103.3,103.41 1 1
github.com/igarridot/GoogleCloudStatusExporter/v2.0.0/infrastructure/adapters/http/gcp_status_adapter.go:103.41,109.81 2 1
github.com/igarridot/GoogleCloudStatusExporter/v2.0.0/infrastructure/adapters/http/gcp_status_adapter.go:109.81,111.5 1 1
github.com/igarridot/GoogleCloudStatusExporter/v2.0.0/infrastructure/adapters/http/gcp_status_adapter.go:113.4,113.83 1 1
github.com/igarridot/GoogleCloudStatusExporter/v2.0.0/infrastructure/adapters/http/gcp_status_adapter.go:113.83,115.5 1 1
github.com/igarridot/GoogleCloudStatusExporter/v2.0.0/infrastructure/adapters/http/gcp_status_adapter.go:117.4,117.80 1 1
github.com/igarridot/GoogleCloudStatusExporter/v2.0.0/infrastructure/adapters/http/gcp_status_adapter.go:117.80,119.5 1 1
github.com/igarridot/GoogleCloudStatusExporter/v2.0.0/infrastructure/adapters/http/gcp_status_adapter.go:121.4,121.55 1 1
github.com/igarridot/GoogleCloudStatusExporter/v2.0.0/infrastructure/adapters/http/gcp_status_adapter.go:124.3,124.27 1 1
github.com/igarridot/GoogleCloudStatusExporter/v2.0.0/infrastructure/adapters/http/gcp_status_adapter.go:124.27,131.82 3 1
github.com/igarridot/GoogleCloudStatusExporter/v2.0.0/infrastructure/adapters/http/gcp_status_adapter.go:131.82,133.5 1 1
github.com/igarridot/GoogleCloudStatusExporter/v2.0.0/infrastructure/adapters/http/gcp_status_adapter.go:135.4,135.84 1 1
github.com/igarridot/GoogleCloudStatusExporter/v2.0.0/infrastructure/adapters/http/gcp_status_adapter.go:135.84,137.5 1 1
github.com/igarridot/GoogleCloudStatusExporter/v2.0.0/infrastructure/adapters/http/gcp_status_adapter.go:139.4,139.81 1 1
github.com/igarridot/GoogleCloudStatusExporter/v2.0.0/infrastructure/adapters/http/gcp_status_adapter.go:139.81,141.5 1 1
github.com/igarridot/GoogleCloudStatusExporter/v2.0.0/infrastructure/adapters/http/gcp_status_adapter.go:143.4,143.48 1 1
github.com/igarridot/GoogleCloudStatusExporter/v2.0.0/infrastructure/adapters/http/gcp_status_adapter.go:146.3,146.51 1 1
github.com/igarridot/GoogleCloudStatusExporter/v2.0.0/infrastructure/adapters/http/gcp_status_adapter.go:146.51,152.4 2 1
github.com/igarridot/GoogleCloudStatusExporter/v2.0.0/infrastructure/adapters/http/gcp_status_adapter.go:154.3,154.42 1 1
github.com/igarridot/GoogleCloudStatusExporter/v2.0.0/infrastructure/adapters/http/gcp_status_adapter.go:157.2,157.18 1 1
github.com/igarridot/GoogleCloudStatusExporter/v2.0.0/domain/services/incident_filter_service.go:12.56,14.2 1 1
github.com/igarridot/GoogleCloudStatusExporter/v2.0.0/domain/services/incident_filter_service.go:16.160,19.37 2 1
github.com/igarridot/GoogleCloudStatusExporter/v2.0.0/domain/services/incident_filter_service.go:19.37,20.48 1 1
github.com/igarridot/GoogleCloudStatusExporter/v2.0.0/domain/services/incident_filter_service.go:20.48,21.12 1 1
github.com/igarridot/GoogleCloudStatusExporter/v2.0.0/domain/services/incident_filter_service.go:24.3,24.92 1 1
github.com/igarridot/GoogleCloudStatusExporter/v2.0.0/domain/services/incident_filter_service.go:24.92,26.4 1 1
github.com/igarridot/GoogleCloudStatusExporter/v2.0.0/domain/services/incident_filter_service.go:29.2,29.17 1 1
github.com/igarridot/GoogleCloudStatusExporter/v2.0.0/domain/services/incident_filter_service.go:32.122,33.31 1 1
github.com/igarridot/GoogleCloudStatusExporter/v2.0.0/domain/services/incident_filter_service.go:33.31,35.3 1 1
github.com/igarridot/GoogleCloudStatusExporter/v2.0.0/domain/services/incident_filter_service.go:37.2,40.32 3 1
github.com/igarridot/GoogleCloudStatusExporter/v2.0.0/domain/services/incident_filter_service.go:40.32,41.59 1 1
github.com/igarridot/GoogleCloudStatusExporter/v2.0.0/domain/services/incident_filter_service.go:41.59,43.4 1 1
github.com/igarridot/GoogleCloudStatusExporter/v2.0.0/domain/services/incident_filter_service.go:46.2,46.14 1 1
github.com/igarridot/GoogleCloudStatusExporter/v2.0.0/domain/services/incident_filter_service.go:49.125,50.34 1 1
github.com/igarridot/GoogleCloudStatusExporter/v2.0.0/domain/services/incident_filter_service.go:50.34,52.3 1 1
github.com/igarridot/GoogleCloudStatusExporter/v2.0.0/domain/services/incident_filter_service.go:54.2,54.60 1 1
github.com/igarridot/GoogleCloudStatusExporter/v2.0.0/domain/services/incident_filter_service.go:54.60,55.51 1 1
github.com/igarridot/GoogleCloudStatusExporter/v2.0.0/domain/services/incident_filter_service.go:55.51,56.62 1 1
github.com/igarridot/GoogleCloudStatusExporter/v2.0.0/domain/services/incident_filter_service.go:56.62,58.5 1 1
github.com/igarridot/GoogleCloudStatusExporter/v2.0.0/domain/services/incident_filter_service.go:62.2,62.14 1 1
github.com/igarridot/GoogleCloudStatusExporter/v2.0.0/infrastructure/config/config.go:19.27,30.17 3 1
github.com/igarridot/GoogleCloudStatusExporter/v2.0.0/infrastructure/config/config.go:30.17,32.3 1 1
github.com/igarridot/GoogleCloudStatusExporter/v2.0.0/infrastructure/config/config.go:33.2,33.28 1 1
github.com/igarridot/GoogleCloudStatusExporter/v2.0.0/infrastructure/config/config.go:33.28,35.3 1 1
github.com/igarridot/GoogleCloudStatusExporter/v2.0.0/infrastructure/config/config.go:36.2,36.27 1 1
github.com/igarridot/GoogleCloudStatusExporter/v2.0.0/infrastructure/config/config.go:36.27,38.3 1 1
github.com/igarridot/GoogleCloudStatusExporter/v2.0.0/infrastructure/config/config.go:39.2,39.29 1 1
github.com/igarridot/GoogleCloudStatusExporter/v2.0.0/infrastructure/config/config.go:39.29,41.3 1 1
github.com/igarridot/GoogleCloudStatusExporter/v2.0.0/infrastructure/config/config.go:43.2,49.3 1 1
github.com/igarridot/GoogleCloudStatusExporter/v2.0.0/infrastructure/config/config.go:52.56,56.2 1 1
github.com/igarridot/GoogleCloudStatusExporter/v2.0.0/domain/valueobjects/filter_criteria.go:10.63,13.17 2 1
github.com/igarridot/GoogleCloudStatusExporter/v2.0.0/domain/valueobjects/filter_criteria.go:13.17,15.3 1 1
github.com/igarridot/GoogleCloudStatusExporter/v2.0.0/domain/valueobjects/filter_criteria.go:17.2,17.20 1 1
github.com/igarridot/GoogleCloudStatusExporter/v2.0.0/domain/valueobjects/filter_criteria.go:17.20,19.3 1 1
github.com/igarridot/GoogleCloudStatusExporter/v2.0.0/domain/valueobjects/filter_criteria.go:21.2,24.3 1 1
github.com/igarridot/GoogleCloudStatusExporter/v2.0.0/domain/valueobjects/filter_criteria.go:27.47,29.2 1 1
github.com/igarridot/GoogleCloudStatusExporter/v2.0.0/domain/valueobjects/filter_criteria.go:31.50,33.2 1 1
github.com/igarridot/GoogleCloudStatusExporter/v2.0.0/domain/valueobjects/incident_id.go:7.54,8.17 1 1
github.com/igarridot/GoogleCloudStatusExporter/v2.0.0/domain/valueobjects/incident_id.go:8.17,10.3 1 1
github.com/igarridot/GoogleCloudStatusExporter/v2.0.0/domain/valueobjects/incident_id.go:11.2,11.31 1 1
github.com/igarridot/GoogleCloudStatusExporter/v2.0.0/domain/valueobjects/incident_id.go:14.38,16.2 1 1
github.com/igarridot/GoogleCloudStatusExporter/v2.0.0/domain/valueobjects/severity.go:11.39,12.11 1 1
github.com/igarridot/GoogleCloudStatusExporter/v2.0.0/domain/valueobjects/severity.go:13.19,14.13 1 1
github.com/igarridot/GoogleCloudStatusExporter/v2.0.0/domain/valueobjects/severity.go:15.22,16.13 1 1
github.com/igarridot/GoogleCloudStatusExporter/v2.0.0/domain/valueobjects/severity.go:17.20,18.13 1 1
github.com/igarridot/GoogleCloudStatusExporter/v2.0.0/domain/valueobjects/severity.go:19.10,20.13 1 1
github.com/igarridot/GoogleCloudStatusExporter/v2.0.0/domain/valueobjects/severity.go:24.41,25.15 1 1
github.com/igarridot/GoogleCloudStatusExporter/v2.0.0/domain/valueobjects/severity.go:26.13,27.21 1 1
github.com/igarridot/GoogleCloudStatusExporter/v2.0.0/domain/valueobjects/severity.go:28.16,29.24 1 1
github.com/igarridot/GoogleCloudStatusExporter/v2.0.0/domain/valueobjects/severity.go:30.14,31.22 1 1
github.com/igarridot/GoogleCloudStatusExporter/v2.0.0/domain/valueobjects/severity.go:32.10,33.12 1 1
github.com/igarridot/GoogleCloudStatusExporter/v2.0.0/domain/valueobjects/update_status.go:9.49,11.2 1 1
github.com/igarridot/GoogleCloudStatusExporter/v2.0.0/infrastructure/container/container.go:17.50,21.2 1 0
github.com/igarridot/GoogleCloudStatusExporter/v2.0.0/infrastructure/container/container.go:23.57,24.24 1 0
github.com/igarridot/GoogleCloudStatusExporter/v2.0.0/infrastructure/container/container.go:24.24,46.3 7 0
github.com/igarridot/GoogleCloudStatusExporter/v2.0.0/infrastructure/container/container.go:48.2,48.20 1 0
